# Test case 1
>>> print_square(4)
####
####
####
####

# Test case 2
>>> print_square(10)
##########
##########
##########
##########
##########
##########
##########
##########
##########
##########

# Test case 3
>>> print_square(0)
(no output)

# Test case 4
>>> print_square(1)
#

# Test case 5
>>> print_square(-1)
Traceback (most recent call last):
    ...
ValueError: size must be >= 0

# Test case 6
>>> print_square(4.5)
Traceback (most recent call last):
    ...
TypeError: size must be an integer

